[WebServer] (node:28831) Warning: The 'NO_COLOR' env is ignored due to the 'FORCE_COLOR' env being set.
[WebServer] (Use `node --trace-warnings ...` to show where the warning was created)
[WebServer] (node:28855) Warning: The 'NO_COLOR' env is ignored due to the 'FORCE_COLOR' env being set.
[WebServer] (Use `node --trace-warnings ...` to show where the warning was created)

Running 38 tests using 1 worker

(node:28884) Warning: The 'NO_COLOR' env is ignored due to the 'FORCE_COLOR' env being set.
(Use `node --trace-warnings ...` to show where the warning was created)
  ✓   1 [chromium] › tests/live-shell-browser/behaviour.spec.ts:12:1 › mobile own-rack practice replaces the tools sheet and closes with pointer or Escape (3.6s)
  ✓   2 [chromium] › tests/live-shell-browser/behaviour.spec.ts:34:1 › keyboard: Tab into the board, arrows move, Space turns, typing places, Enter commits (3.1s)
  ✓   3 [chromium] › tests/live-shell-browser/behaviour.spec.ts:51:1 › THINKING: drag reorders the rack, the board takes no tile, order survives a reload (3.7s)
  ✓   4 [chromium] › tests/live-shell-browser/behaviour.spec.ts:70:1 › an incoming pause request leaves the game playable and is answered in place (3.1s)
  ✓   5 [chromium] › tests/live-shell-browser/behaviour.spec.ts:86:1 › Notes survive a reload and stay out of every request (3.2s)
  ✓   6 [chromium] › tests/live-shell-browser/behaviour.spec.ts:97:1 › reduced motion removes the sweep and pulses; state is still distinct (2.4s)
  ✓   7 [chromium] › tests/live-shell-browser/behaviour.spec.ts:114:1 › turn actions and rack tiles meet the touch-target size on a phone (2.4s)
  ✓   8 [chromium] › tests/live-shell-browser/behaviour.spec.ts:131:3 › axe: no serious or critical violations (active, 1440px) (6.4s)
  ✓   9 [chromium] › tests/live-shell-browser/behaviour.spec.ts:131:3 › axe: no serious or critical violations (thinking, 390px) (5.1s)
  ✓  10 [chromium] › tests/live-shell-browser/behaviour.spec.ts:131:3 › axe: no serious or critical violations (pause-request, 390px) (8.6s)
  ✓  11 [chromium] › tests/live-shell-browser/behaviour.spec.ts:131:3 › axe: no serious or critical violations (finished, 1440px) (7.3s)
  ✓  12 [chromium] › tests/live-shell-browser/visual.spec.ts:223:3 › 01-390-active 390px phone · ACTIVE (your turn) (2.7s)
  ✓  13 [chromium] › tests/live-shell-browser/visual.spec.ts:223:3 › 02-390-thinking 390px phone · THINKING (opponent's turn, last move Pass) (2.7s)
  ✓  14 [chromium] › tests/live-shell-browser/visual.spec.ts:223:3 › 03-390-tentative 390px phone · tentative placement 7=5+2 (local only) (3.2s)
  ✓  15 [chromium] › tests/live-shell-browser/visual.spec.ts:223:3 › 04-390-pause-request 390px phone · incoming pause request (non-blocking) (2.8s)
  ✓  16 [chromium] › tests/live-shell-browser/visual.spec.ts:223:3 › 05-320-active 320px phone · ACTIVE (compact) (2.8s)
  ✓  17 [chromium] › tests/live-shell-browser/visual.spec.ts:223:3 › 06-390-more-sheet 390px phone · secondary tools (More → Record) (3.3s)
  ✓  18 [chromium] › tests/live-shell-browser/visual.spec.ts:223:3 › 07-390-more-bag 390px phone · secondary tools (More → Bag, unseen distribution) (3.5s)
  ✓  19 [chromium] › tests/live-shell-browser/visual.spec.ts:223:3 › 08-390-match-menu 390px phone · Match controls (Coffee Break, pause, Surrender last) (3.4s)
  ✓  20 [chromium] › tests/live-shell-browser/visual.spec.ts:223:3 › 09-tablet-portrait Tablet portrait 768×950 · ACTIVE (2.9s)
  ✓  21 [chromium] › tests/live-shell-browser/visual.spec.ts:223:3 › 10-tablet-landscape Tablet landscape 1024×700 · THINKING (2.8s)
  ✓  22 [chromium] › tests/live-shell-browser/visual.spec.ts:223:3 › 11-laptop-13 13-inch laptop 1440×790 · ACTIVE (2.8s)
  ✓  23 [chromium] › tests/live-shell-browser/visual.spec.ts:223:3 › 12-laptop-tentative 13-inch laptop 1440×790 · tentative placement, Commit +score (3.1s)
  ✓  24 [chromium] › tests/live-shell-browser/visual.spec.ts:223:3 › 13-desktop-1080p 1080p desktop 1920×960 · ACTIVE (2.7s)
  ✓  25 [chromium] › tests/live-shell-browser/visual.spec.ts:223:3 › 14-desktop-wide Wide desktop 2560×1310 · THINKING (3.5s)
  ✓  26 [chromium] › tests/live-shell-browser/visual.spec.ts:223:3 › 15-short-1280x560 Short desktop window 1280×560 · ACTIVE (rack in gutter) (2.9s)
  ✓  27 [chromium] › tests/live-shell-browser/visual.spec.ts:223:3 › 16-desktop-notes Desktop 1440×790 · private Notes in the lower-left gutter (2.8s)
  ✓  28 [chromium] › tests/live-shell-browser/visual.spec.ts:223:3 › 17-desktop-last-exchange Desktop 1440×790 · Last Move: Exchanged 4 tiles (2.7s)
  ✓  29 [chromium] › tests/live-shell-browser/visual.spec.ts:223:3 › 18-desktop-last-place Desktop 1440×790 · Last Move: placement 1+8=9 +score (2.8s)
  ✓  30 [chromium] › tests/live-shell-browser/visual.spec.ts:223:3 › 19-desktop-pause-request Desktop 1440×790 · incoming pause request (game continues) (2.7s)
  ✓  31 [chromium] › tests/live-shell-browser/visual.spec.ts:223:3 › 20-desktop-paused Desktop 1440×790 · PAUSED by agreement (2.7s)
  ✓  32 [chromium] › tests/live-shell-browser/visual.spec.ts:223:3 › 21-desktop-result Desktop 1440×790 · terminal Result (Notes kept for this visit) (2.7s)
  ✓  33 [chromium] › tests/live-shell-browser/visual.spec.ts:223:3 › 22-390-result 390px phone · terminal Result (2.7s)
  ✓  34 [chromium] › tests/live-shell-browser/visual.spec.ts:223:3 › 23-physical-host Desktop 1440×790 · Physical Hosted host (Physical console tab) (3.0s)
  ✓  35 [chromium] › tests/live-shell-browser/visual.spec.ts:223:3 › 24-phone-landscape Phone landscape 750×340 · ACTIVE (2.7s)
  ✓  36 [chromium] › tests/live-shell-browser/visual.spec.ts:223:3 › 25-375-active 375px phone 375×548 · ACTIVE (2.7s)
  ✓  37 [chromium] › tests/live-shell-browser/visual.spec.ts:223:3 › 26-tablet-large Large tablet portrait 820×1100 · ACTIVE (2.7s)
  ✓  38 [chromium] › tests/live-shell-browser/visual.spec.ts:223:3 › 27-laptop-1280 13-inch laptop 1280×690 · ACTIVE (2.8s)

  38 passed (2.1m)
